================================================================================
                    Microsemi Libero Software
                   Designer Resource Report
                   Design: counter_top
                   Family: PolarFire
                   Die: MPF300T
                   Package: FCG1152
                   Speed Grade: STD
================================================================================

Resource Usage Summary
================================================================================

+--------------------------------------+------+-----------+-------------+
| Resource Type                        | Used | Available | Utilization |
+--------------------------------------+------+-----------+-------------+
| 4LUT                                 |  256 |    299008 |       0.09% |
| D Flip-Flop (DFF)                    |  128 |    299008 |       0.04% |
| I/O Used                             |   18 |       484 |       3.72% |
| RAM (LSRAM, width 18)                |    2 |      2016 |       0.10% |
| RAM (uSRAM)                          |    4 |      5760 |       0.07% |
| DSP (MACC)                           |    1 |      1404 |       0.07% |
| PLL                                  |    1 |        8  |      12.50% |
| Global Buffer                        |    2 |        24 |       8.33% |
+--------------------------------------+------+-----------+-------------+

================================================================================
End of Designer Resource Report
