Copyright 1986-2024 Xilinx, Inc. All Rights Reserved. Copyright 2022-2024 Advanced Micro Devices, Inc. All Rights Reserved.
----------------------------------------------------------------------------------------------
| Tool Version : Vivado v.2024.1 (lin64) Build 5076996
| Date         : Thu Mar  6 14:32:10 2026
| Host         : build-server running 64-bit Ubuntu 22.04.3 LTS
| Command      : report_utilization -file utilization.rpt
| Design       : counter_top
| Device       : xc7a100tcsg324-1
| Speed File   : -1
| Design State : Routed
----------------------------------------------------------------------------------------------

Utilization Design Information

Table of Contents
-----------------
1. Slice Logic
2. Slice Logic Distribution
3. Memory
4. DSP
5. IO and GT Specific
6. Clocking
7. Specific Feature

1. Slice Logic
--------------

+----------------------------+------+-------+------------+-----------+-------+
| Site Type                  | Used | Fixed | Prohibited | Available | Util% |
+----------------------------+------+-------+------------+-----------+-------+
| Slice LUTs                 |  384 |     0 |          0 |     63400 |  0.61 |
|   LUT as Logic             |  352 |     0 |          0 |     63400 |  0.56 |
|   LUT as Memory            |   32 |     0 |          0 |     19000 |  0.17 |
| Slice Registers            |  256 |     0 |          0 |    126800 |  0.20 |
|   Register as Flip Flop    |  256 |     0 |          0 |    126800 |  0.20 |
|   Register as Latch        |    0 |     0 |          0 |    126800 |  0.00 |
| F7 Muxes                   |    8 |     0 |          0 |     31700 |  0.03 |
| F8 Muxes                   |    2 |     0 |          0 |     15850 |  0.01 |
+----------------------------+------+-------+------------+-----------+-------+

3. Memory
---------

+-------------------+------+-------+------------+-----------+-------+
| Site Type         | Used | Fixed | Prohibited | Available | Util% |
+-------------------+------+-------+------------+-----------+-------+
| Block RAM Tile    |    4 |     0 |          0 |       135 |  2.96 |
|   RAMB36/FIFO     |    2 |     0 |          0 |       135 |  1.48 |
|   RAMB18          |    4 |     0 |          0 |       270 |  1.48 |
+-------------------+------+-------+------------+-----------+-------+

4. DSP
------

+-------------------+------+-------+------------+-----------+-------+
| Site Type         | Used | Fixed | Prohibited | Available | Util% |
+-------------------+------+-------+------------+-----------+-------+
| DSPs              |    2 |     0 |          0 |       240 |  0.83 |
|   DSP48E1         |    2 |     0 |          0 |       240 |  0.83 |
+-------------------+------+-------+------------+-----------+-------+

5. IO and GT Specific
---------------------

+-----------------------------+------+-------+------------+-----------+-------+
| Site Type                   | Used | Fixed | Prohibited | Available | Util% |
+-----------------------------+------+-------+------------+-----------+-------+
| Bonded IOB                  |   18 |    18 |          0 |       210 |  8.57 |
|   IOB Master Pads           |    8 |       |            |           |       |
|   IOB Slave Pads            |    8 |       |            |           |       |
+-----------------------------+------+-------+------------+-----------+-------+

6. Clocking
-----------

+-----------------------------+------+-------+------------+-----------+-------+
| Site Type                   | Used | Fixed | Prohibited | Available | Util% |
+-----------------------------+------+-------+------------+-----------+-------+
| BUFGCTRL                    |    2 |     0 |          0 |        32 |  6.25 |
| MMCME2_ADV                  |    1 |     0 |          0 |         6 | 16.67 |
+-----------------------------+------+-------+------------+-----------+-------+

7. Specific Feature
-------------------

+-----------------------------+------+-------+------------+-----------+-------+
| Site Type                   | Used | Fixed | Prohibited | Available | Util% |
+-----------------------------+------+-------+------------+-----------+-------+
| XADC                        |    0 |     0 |          0 |         1 |  0.00 |
+-----------------------------+------+-------+------------+-----------+-------+
